f'(a); r2(a); u'(a); f2(a); u'(a);  2(a); 
b(a); l2(a); d'(a); l(a); d2(a);  2(a); 
u'(a); l(a); b2(a); l'(a); b(a);  2(a); 
r'(a); b2(a); r(a); u2(a); f'(a);  (a); 
u'(a); f2(a); u2(a); f'(a); u(a);  2(a); 
f'(a); u(a); f2(a); u'(a); f(a);  2(a); 
u'(a); r(a); u2(a); r'(a); l(a);  2(a); 
u'(a); l2(a); u2(a); l'(a); u(a);  2(a); 
l'(a); u(a); f2(a); u'(a); f2(a);  '(a); 
l'(a); f2(a); l'(a); f(a); u2(a);  '(a); 
b(a); u(a); b2(a); l'(a); b2(a);  (a); 
l'(a); b2(a); f(a); u(a); f2(a);  '(a); 
r'(a); f(a); r2(a); f'(a); u2(a);  '(a); 
b(a); u2(a); b'(a); u2(a); b2(a);  (a); 
u'(a); d(a); b2(a); d2(a); b2(a);  (a); 
d2(a); b2(a); d(a); u(a); d2(a);  2(a); 
b(a); d2(a); b2(a); d(a); b2(a);  (a); 
d2(a); b(a); d2(a); f(a); r(a);  2(a); 
f'(a); l2(a); f'(a); r2(a); f'(a);  (a); 
l'(a); f(a); f2(a); 
